// Jest Snapshot v1, https://goo.gl/fbAQLP

exports[`Footer renders correctly 1`] = `
<footer
  className="footer text-center"
>
  <div
    className="container"
  >
    <ul
      className="list-inline mb-5"
    >
      <li
        className="list-inline-item"
      >
        <a
          className="social-link rounded-circle text-white mr-3"
          href="https://github.com/escemi"
          title="Github"
        >
          <i
            className="icon-social-github"
          />
        </a>
      </li>
      <li
        className="list-inline-item"
      >
        <a
          className="social-link rounded-circle text-white mr-3"
          href="https://www.linkedin.com/company/escemi"
          title="Linkedin"
        >
          <i
            className="icon-social-linkedin"
          />
        </a>
      </li>
      <li
        className="list-inline-item"
      >
        <a
          className="social-link rounded-circle text-white mr-3"
          href="https://www.malt.fr/profile/emilienescalle"
          title="Malt"
        >
          <i
            className="icon-social-malt"
          />
        </a>
      </li>
      <li
        className="list-inline-item"
      >
        <a
          className="social-link rounded-circle text-white mr-3"
          href="https://www.build-and-run.fr/"
          title="Membre de BuildAndRun"
        >
          <i
            className="icon-social-buildandrun"
          />
        </a>
      </li>
    </ul>
    <p
      className="text-muted small mb-0"
    >
      Â© 
      2020
       ESCEMI
    </p>
  </div>
</footer>
`;
