// Jest Snapshot v1, https://goo.gl/fbAQLP

exports[`Header renders correctly 1`] = `
Array [
  <a
    className="menu-toggle rounded "
    href="/#"
    onClick={[Function]}
  >
    <i
      className="fas fa-bars"
    />
  </a>,
  <nav
    className=" "
    id="sidebar-wrapper"
  >
    <ul
      className="sidebar-nav"
    >
      <li
        className="sidebar-brand"
      >
        <a
          href="#page-top"
        >
          ESCEMI
        </a>
      </li>
      <li
        className="sidebar-nav-item"
      >
        <a
          href="#page-top"
          onClick={[Function]}
        >
          Accueil
        </a>
      </li>
      <li
        className="sidebar-nav-item"
      >
        <a
          href="#about"
          onClick={[Function]}
        >
          Ã€ propos
        </a>
      </li>
      <li
        className="sidebar-nav-item"
      >
        <a
          href="#services"
          onClick={[Function]}
        >
          Services & missions
        </a>
      </li>
      <li
        className="sidebar-nav-item"
      >
        <a
          href="#contact"
          onClick={[Function]}
        >
          Contact
        </a>
      </li>
      <li
        className="sidebar-nav-item"
      >
        <a
          href="#portfolio"
          onClick={[Function]}
        >
          Portfolio
        </a>
      </li>
    </ul>
  </nav>,
]
`;
